// Jest Snapshot v1, https://goo.gl/fbAQLP

exports[`Dashboard test Should match snapshot test 1`] = `
Array [
  <nav
    className="sc-pNWdM ixJkbw navbar "
  >
    <div
      className="title-bar"
    >
      <a
        className="navbar-brand"
        href="/dashboard"
        onClick={[Function]}
      >
        Dashboard
      </a>
      <ul
        className="navbar-nav ml-auto"
      >
        <li>
          <div
            className="sc-eCApnc WEWHt"
          >
            <div
              className="input-group sc-jSFjdj hTzrBi input-search"
            >
              <span
                className="input-group-prepend"
              >
                <span
                  className="input-group-text"
                >
                  <i
                    className="tg-ic-search1  "
                  />
                </span>
              </span>
              <div
                className="sc-gtsrHT jGBtBH"
                data-testid="input"
              >
                <input
                  autoComplete="off"
                  className="form-control"
                  data-testid=""
                  id=""
                  label="Label"
                  name="search"
                  onChange={[Function]}
                  placeholder="Search...."
                  type="input"
                  value=""
                />
              </div>
              <span
                className="input-group-prepend"
              />
            </div>
            
          </div>
        </li>
      </ul>
    </div>
    <div
      className="sc-fujyAs cKNmWV"
    />
  </nav>,
  <div
    className="sc-jrsJWt ilZZuz sidebar"
    id="sidebar"
  >
    <img
      alt="company-logo"
      src={Object {}}
    />
    <ul
      className="nav"
    >
      <li>
        <a
          aria-current={null}
          href="/dashboard"
          onClick={[Function]}
        >
          <span
            className="menu-icon"
          >
            <i
              className="tg-ic-outline-dashboard tunga-ic-sz-sidebar "
            />
          </span>
          <span>
            Dashboard
          </span>
        </a>
      </li>
      <li>
        <a
          aria-current={null}
          href="/projects"
          onClick={[Function]}
        >
          <span
            className="menu-icon"
          >
            <i
              className="tg-ic-baseline-folder-open tunga-ic-sz-sidebar "
            />
          </span>
          <span>
            Projects
          </span>
        </a>
      </li>
      <li>
        <a
          aria-current={null}
          href="/payments"
          onClick={[Function]}
        >
          <span
            className="menu-icon"
          >
            <i
              className="tg-ic-round-payment tunga-ic-sz-sidebar "
            />
          </span>
          <span>
            Payments
          </span>
        </a>
      </li>
      <li>
        <a
          aria-current={null}
          href="/settings"
          onClick={[Function]}
        >
          <span
            className="menu-icon"
          >
            <i
              className="tg-ic-outline-settings tunga-ic-sz-sidebar "
            />
          </span>
          <span>
            Settings
          </span>
        </a>
      </li>
      <li>
        <a
          aria-current={null}
          href="/community"
          onClick={[Function]}
        >
          <span
            className="menu-icon"
          >
            <i
              className="tg-ic-baseline-folder-open tunga-ic-sz-sidebar "
            />
          </span>
          <span>
            Community
          </span>
        </a>
      </li>
      <li>
        <a
          aria-current={null}
          data-testid="signout"
          href="/logout"
          onClick={[Function]}
        >
          <span
            className="menu-icon"
          >
            <i
              className="tg-ic-log-out tunga-ic-sz-sidebar "
            />
          </span>
          <span>
            Log Out
          </span>
        </a>
      </li>
    </ul>
  </div>,
  <div
    className="sc-kEqXSa gCTtLP"
  >
    <div
      className="row"
    >
      <div
        className="col-sm-8"
      >
        <div
          className="undefined undefined"
        >
          <div
            className="sc-bdnxRM eNsiXn avatar-initials"
          >
            <div
              className="avatar avatar-initials"
              style={Object {}}
            >
              KJ
            </div>
          </div>
          <div>
            <h3>
              Hi 
              Katuula Joel
               üëãüèª
            </h3>
            <span>
              Welcome Back.
            </span>
          </div>
          <div>
            <span>
              Thu, 2nd Sep 2021
            </span>
          </div>
        </div>
        <div
          className="dashboard-card"
        >
          <h3
            className="title"
          >
            Recent Notifications
            <small
              onClick={[Function]}
              style={
                Object {
                  "cursor": "pointer",
                  "float": "right",
                }
              }
            >
              Clear all
            </small>
          </h3>
          <div
            className="undefined undefined"
          >
            <img
              alt="empty file image"
              src={Object {}}
            />
            <p>
              No recent notifications
            </p>
          </div>
        </div>
        <div
          className="dashboard-card"
        >
          <h3
            className="title"
          >
            Your 
            Active Projects
          </h3>
          <div
            className="content"
          />
        </div>
      </div>
      <div
        className="col-sm-4"
      >
        <div
          className="dashboard-card"
        >
          <h3
            className="title"
          >
            Latest reports
          </h3>
          <div
            className="content"
          />
        </div>
        <div
          className="dashboard-card"
        >
          <h3
            className="title"
          >
            Latest reports
          </h3>
          <div
            className="content"
          />
        </div>
      </div>
    </div>
  </div>,
]
`;
