// Jest Snapshot v1, https://goo.gl/fbAQLP

exports[`Dashboard test - Test Results Should match snapshot test 1`] = `
Array [
  <div
    className="table-responsive"
  >
    <table
      className="sc-hKFxyN sc-dIvrsQ vVjoV iZHfHH table"
      role="table"
    >
      <thead>
        <tr
          role="row"
        >
          <th
            colSpan={1}
            onClick={[Function]}
            role="columnheader"
            style={
              Object {
                "cursor": "pointer",
              }
            }
            title="Toggle SortBy"
          >
            <div>
              User
              <div
                className="caret-group"
              >
                
              </div>
            </div>
          </th>
          <th
            colSpan={1}
            role="columnheader"
            style={
              Object {
                "cursor": undefined,
              }
            }
          >
            <div>
              Coding Tests
              <div
                className="caret-group"
              >
                
              </div>
            </div>
          </th>
          <th
            colSpan={1}
            onClick={[Function]}
            role="columnheader"
            style={
              Object {
                "cursor": "pointer",
              }
            }
            title="Toggle SortBy"
          >
            <div>
              Comms Check
              <div
                className="caret-group"
              >
                
              </div>
            </div>
          </th>
          <th
            colSpan={1}
            onClick={[Function]}
            role="columnheader"
            style={
              Object {
                "cursor": "pointer",
              }
            }
            title="Toggle SortBy"
          >
            <div>
              MBTI Profile
              <div
                className="caret-group"
              >
                
              </div>
            </div>
          </th>
          <th
            colSpan={1}
            onClick={[Function]}
            role="columnheader"
            style={
              Object {
                "cursor": "pointer",
              }
            }
            title="Toggle SortBy"
          >
            <div>
              IQ Tests
              <div
                className="caret-group"
              >
                
              </div>
            </div>
          </th>
          <th
            colSpan={1}
            onClick={[Function]}
            role="columnheader"
            style={
              Object {
                "cursor": "pointer",
              }
            }
            title="Toggle SortBy"
          >
            <div>
              SA Tests
              <div
                className="caret-group"
              >
                
              </div>
            </div>
          </th>
          <th
            colSpan={1}
            onClick={[Function]}
            role="columnheader"
            style={
              Object {
                "cursor": "pointer",
              }
            }
            title="Toggle SortBy"
          >
            <div>
              C. Of Conduct
              <div
                className="caret-group"
              >
                
              </div>
            </div>
          </th>
        </tr>
      </thead>
      <tbody
        role="rowgroup"
      >
        <tr
          role="row"
        >
          <th
            role="cell"
          >
            <div>
              <div
                className="sc-fujyAs fhgXi avatar-dash avatar-initials"
              >
                <div
                  className="avatar avatar-dash avatar-initials"
                  style={Object {}}
                >
                  WD
                </div>
              </div>
              Wd Dw
              <div
                className="edit-action"
              >
                <button
                  className="btn btn-icon sc-iCoGMd fsPrSF btn-edit  "
                  form={null}
                  onClick={[Function]}
                  type="button"
                >
                  <i
                    className="tg-ic-circle-edit-outline tunga-ic-sz-main "
                  />
                </button>
              </div>
            </div>
          </th>
          <td
            role="cell"
          >
            <div
              className="result"
            >
              <span
                className="passed"
              >
                react
                 - 
                100
              </span>
            </div>
          </td>
          <td
            role="cell"
          >
            <div
              className="result"
            >
              <span
                className="passed"
              >
                Very good
              </span>
            </div>
          </td>
          <td
            role="cell"
          >
            <div
              className="result"
            >
              <span
                className="none"
                style={
                  Object {
                    "textTransform": "uppercase",
                  }
                }
              >
                entj
              </span>
            </div>
          </td>
          <td
            role="cell"
          >
            <div
              className="result"
            >
              <span
                className="failed"
              >
                100
              </span>
            </div>
          </td>
          <td
            role="cell"
          >
            <div
              className="result"
            >
              <span
                className="passed"
              >
                100
              </span>
            </div>
          </td>
          <td
            role="cell"
          >
            <div
              className="result"
            >
              <span
                className="passed"
              >
                100
              </span>
            </div>
          </td>
        </tr>
      </tbody>
    </table>
  </div>,
  <div
    className="sc-hHEiqL hRqEZi"
  >
    <span>
      Showing
    </span>
    <div
      className="sc-dlMDgC gDbdeh"
    >
      <select
        className="form-control form-control "
        onChange={[Function]}
        value=""
      >
        <option
          value=""
        >
          -- Select --
        </option>
        <option
          value="20"
        >
          20
        </option>
        <option
          value="50"
        >
          50
        </option>
        <option
          value="100"
        >
          100
        </option>
      </select>
      <i
        className="tg-ic-rounded-keyboard-arrow-down tunga-ic-sz-sm "
      />
    </div>
    <span
      style={
        Object {
          "marginLeft": "16px",
        }
      }
    >
      of 
      1
    </span>
    <nav
      aria-label="Page navigation example"
      className=""
    >
      <ul
        className="pagination"
      >
        <li
          className="sc-hBMUJo hzojaI page-item"
          onClick={[Function]}
        >
          <a
            className="page-link"
            href="#"
          >
            <i
              className="tg-ic-arrow-left tunga-ic-sz-sm "
            />
          </a>
        </li>
        <div
          className="Table__visiblePagesWrapper"
          style={
            Object {
              "display": "flex",
            }
          }
        />
        <li
          className="sc-hBMUJo hzojaI next page-item"
          onClick={[Function]}
        >
          <a
            className="page-link"
            href="#"
          >
            <i
              className="tg-ic-arrow-right tunga-ic-sz-sm "
            />
          </a>
        </li>
      </ul>
    </nav>
  </div>,
]
`;

exports[`Testform tests Should match snapshot test 1`] = `
<DocumentFragment>
  <form
    class="sc-eCApnc gjwEEg"
    id="test-form"
  >
    <div
      class="row"
    >
      <div
        class="col-md-6"
      >
        <div
          class="form-group"
        >
          <label>
            Full name
            <span
              class="sc-ksluID jtelhn"
            >
              <span
                class="label-style"
              >
                *
              </span>
            </span>
          </label>
          <div
            class="sc-pNWdM jOEXEo tag-input"
          >
            <div
              class="form"
            />
            <div
              class="selected"
            >
              <div
                class="item nolabel"
              >
                <div
                  class="sc-fujyAs fhgXi avatar-dash avatar-initials"
                >
                  <div
                    class="avatar avatar-dash avatar-initials"
                  >
                    WD
                  </div>
                </div>
                <span>
                  Wd Dw
                </span>
              </div>
            </div>
          </div>
        </div>
      </div>
      <div
        class="col-md-6"
      >
        <div
          class="form-group"
        >
          <label>
            Email address
          </label>
          <div
            class="sc-jSFjdj dqrEkW"
            data-testid="input"
            disabled=""
          >
            <input
              class="form-control"
              data-testid=""
              disabled=""
              id=""
              label="Label"
              placeholder="Email address"
              required=""
              type="text"
              value="wd@tunga.io"
            />
          </div>
        </div>
      </div>
      <div
        class="col-md-12"
      >
        <div
          class="sc-dIsUp dkopAB"
        />
      </div>
    </div>
    <div
      class="row"
    >
      <div
        class="col-md-6"
      >
        <label>
          Coding tests
          <span
            class="sc-ksluID jtelhn"
          >
            <span
              class="label-style"
            >
              *
            </span>
          </span>
        </label>
      </div>
      <div
        class="col-md-6"
      >
        <a
          class="sc-crzoAE bOfDmc"
        >
          <i
            class="tg-ic-round-add  "
          />
           Add more
        </a>
      </div>
      <div
        class="col-md-6"
      >
        <div
          class="sc-bqGGPW jvhpmm"
        >
          <div
            class="input-row"
          >
            <div
              class="sc-jrsJWt iekbzz"
            >
              <div
                class="sc-jSFjdj dqrEkW"
                data-testid="input"
                disabled=""
              >
                <input
                  class="form-control"
                  data-testid=""
                  disabled=""
                  id=""
                  label="Label"
                  placeholder="input"
                  type="input"
                  value="react"
                />
              </div>
              <div
                class="sc-jSFjdj dqrEkW"
                data-testid="input"
              >
                <input
                  class="form-control"
                  data-testid=""
                  id=""
                  label="Label"
                  max="100"
                  min="0"
                  placeholder="Score"
                  step="1"
                  type="number"
                  value="100"
                />
              </div>
              <div
                class="item-actions"
              >
                <button
                  class="btn btn-icon sc-iCoGMd fsPrSF  "
                  type="button"
                >
                  <i
                    class="tg-ic-delete-outline tunga-ic-sz-md "
                  />
                </button>
              </div>
            </div>
          </div>
        </div>
      </div>
      <div
        class="col-md-12"
      >
        <div
          class="sc-dIsUp dkopAB"
        />
      </div>
    </div>
    <div
      class="row"
    >
      <div
        class="col-md-6"
      >
        <div
          class="form-group"
        >
          <label>
            Comms Check
            <span
              class="sc-ksluID jtelhn"
            >
              <span
                class="label-style"
              >
                *
              </span>
            </span>
          </label>
          <div
            class="sc-iqAclL jJanAN"
          >
            <select
              class="form-control  "
            >
              <option
                value=""
              >
                Comms Check
              </option>
              <option
                value="very_good"
              >
                Very good
              </option>
              <option
                value="good"
              >
                Good
              </option>
              <option
                value="pass"
              >
                Pass
              </option>
              <option
                value="poor"
              >
                Bad
              </option>
            </select>
            <i
              class="tg-ic-rounded-keyboard-arrow-down tunga-ic-sz-sm "
            />
          </div>
        </div>
      </div>
      <div
        class="col-md-6"
      >
        <div
          class="form-group"
        >
          <label>
            MBTI Profile
            <span
              class="sc-ksluID jtelhn"
            >
              <span
                class="label-style"
              >
                *
              </span>
            </span>
          </label>
          <div
            class="sc-iqAclL jJanAN"
          >
            <select
              class="form-control  "
            >
              <option
                value=""
              >
                Profiles
              </option>
              <option
                value="estj"
              >
                ESTJ
              </option>
              <option
                value="istj"
              >
                ISTJ
              </option>
              <option
                value="entj"
              >
                ENTJ
              </option>
              <option
                value="intj"
              >
                INTJ
              </option>
              <option
                value="estp"
              >
                ESTP
              </option>
              <option
                value="istp"
              >
                ISTP
              </option>
              <option
                value="entp"
              >
                ENTP
              </option>
              <option
                value="intp"
              >
                INTP
              </option>
              <option
                value="esfj"
              >
                ESFJ
              </option>
              <option
                value="isfj"
              >
                ISFJ
              </option>
              <option
                value="enfj"
              >
                ENFJ
              </option>
              <option
                value="infj"
              >
                INFJ
              </option>
              <option
                value="esfp"
              >
                ESFP
              </option>
              <option
                value="isfp"
              >
                ISFP
              </option>
              <option
                value="enfp"
              >
                ENFP
              </option>
              <option
                value="infp"
              >
                INFP
              </option>
            </select>
            <i
              class="tg-ic-rounded-keyboard-arrow-down tunga-ic-sz-sm "
            />
          </div>
        </div>
      </div>
    </div>
    <div
      class="row"
    >
      <div
        class="col-md-6"
      >
        <div
          class="form-group"
        >
          <label>
            IQ Test
            <span
              class="sc-ksluID jtelhn"
            >
              <span
                class="label-style"
              >
                *
              </span>
            </span>
          </label>
          <div
            class="sc-jSFjdj dqrEkW"
            data-testid="input"
          >
            <input
              aria-label="iq-test-input"
              class="form-control"
              data-testid=""
              id=""
              label="Label"
              min="0"
              placeholder="Enter score"
              step="1"
              type="number"
              value="100"
            />
          </div>
        </div>
      </div>
      <div
        class="col-md-6"
      >
        <div
          class="form-group"
        >
          <label>
            SA Test
            <span
              class="sc-ksluID jtelhn"
            >
              <span
                class="label-style"
              >
                *
              </span>
            </span>
          </label>
          <div
            class="sc-jSFjdj dqrEkW"
            data-testid="input"
          >
            <input
              aria-label="sa-test-input"
              class="form-control"
              data-testid=""
              id=""
              label="Label"
              max="100"
              min="0"
              placeholder="SA test"
              step="1"
              type="number"
              value="100"
            />
          </div>
        </div>
      </div>
    </div>
    <div
      class="row"
    >
      <div
        class="col-md-6"
      >
        <div
          class="form-group"
        >
          <label>
            Code of Conduct
            <span
              class="sc-ksluID jtelhn"
            >
              <span
                class="label-style"
              >
                *
              </span>
            </span>
          </label>
          <div
            class="sc-jSFjdj dqrEkW"
            data-testid="input"
          >
            <input
              aria-label="cc-test-input"
              class="form-control"
              data-testid=""
              id=""
              label="Label"
              max="100"
              min="0"
              placeholder="Enter score"
              step="1"
              type="number"
              value="100"
            />
          </div>
        </div>
      </div>
    </div>
  </form>
</DocumentFragment>
`;
