// Jest Snapshot v1, https://goo.gl/fbAQLP

exports[`ActionItem tests Should match snapshot test 1`] = `
<a
  href="#"
  onClick={[Function]}
/>
`;
