// Jest Snapshot v1, https://goo.gl/fbAQLP

exports[`Dashboard test Should match snapshot test 1`] = `null`;
