// Jest Snapshot v1, https://goo.gl/fbAQLP

exports[`Avatar test Snapshot test for Avatar component 1`] = `
<div
  className="sc-bdnxRM eNsiXn"
>
  <div
    className="avatar undefined"
    style={Object {}}
  >
    <i
      className="tg-ic-avatar  "
    />
  </div>
</div>
`;
