// Jest Snapshot v1, https://goo.gl/fbAQLP

exports[`Select component test CountrySelector component snapshot 1`] = `
<DocumentFragment>
  <select />
</DocumentFragment>
`;
