// Jest Snapshot v1, https://goo.gl/fbAQLP

exports[`Auth layout test Snapshot test for Login component 1`] = `
<a
  className="sc-bdnxRM cdRsdd  Form__cta"
  href="/"
  onClick={[Function]}
/>
`;
