// Jest Snapshot v1, https://goo.gl/fbAQLP

exports[`Auth layout test Snapshot test for NavBar component 1`] = `
<form
  className="sc-dlnjwi sc-hKFxyN dmLwQU kRXQAI"
  onSubmit={[Function]}
>
  <div
    className="form-group"
  >
    <label>
      Select date range for export
      <span
        className="label-style"
      >
        *
      </span>
    </label>
  </div>
  <div>
    <div
      className="form-group"
    >
      <div
        calendar={true}
        className="sc-gtsrHT giRYEg tg-date-field rw-date-picker rw-widget"
        data-intent="mouse"
        format="DD MMM YYYY"
        onBlur={[Function]}
        onClick={[Function]}
        onFocus={[Function]}
        onKeyDown={[Function]}
        onKeyPress={[Function]}
        required={true}
        tabIndex={-1}
        time={false}
      >
        <div
          className="rw-widget-picker rw-widget-container"
        >
          <input
            aria-expanded={false}
            aria-haspopup={true}
            aria-owns="start-date_date"
            autoComplete="off"
            className="rw-widget-input rw-input"
            id="start-date_input"
            onBlur={[Function]}
            onChange={[Function]}
            placeholder="From"
            role="combobox"
            tabIndex={0}
            type="text"
            value=""
          />
          <button
            aria-label="Select date"
            className="rw-input-addon rw-picker-btn rw-btn"
            onClick={[Function]}
            tabIndex={-1}
            title="Select date"
            type="button"
          >
            <svg
              aria-hidden={true}
              className="rw-i-calendar"
              fill="currentcolor"
              height="1em"
              viewBox="0 0 448 512"
              xmlns="http://www.w3.org/2000/svg"
            >
              <path
                d="M148 288h-40c-6.6 0-12-5.4-12-12v-40c0-6.6 5.4-12 12-12h40c6.6 0 12 5.4 12 12v40c0 6.6-5.4 12-12 12zm108-12v-40c0-6.6-5.4-12-12-12h-40c-6.6 0-12 5.4-12 12v40c0 6.6 5.4 12 12 12h40c6.6 0 12-5.4 12-12zm96 0v-40c0-6.6-5.4-12-12-12h-40c-6.6 0-12 5.4-12 12v40c0 6.6 5.4 12 12 12h40c6.6 0 12-5.4 12-12zm-96 96v-40c0-6.6-5.4-12-12-12h-40c-6.6 0-12 5.4-12 12v40c0 6.6 5.4 12 12 12h40c6.6 0 12-5.4 12-12zm-96 0v-40c0-6.6-5.4-12-12-12h-40c-6.6 0-12 5.4-12 12v40c0 6.6 5.4 12 12 12h40c6.6 0 12-5.4 12-12zm192 0v-40c0-6.6-5.4-12-12-12h-40c-6.6 0-12 5.4-12 12v40c0 6.6 5.4 12 12 12h40c6.6 0 12-5.4 12-12zm96-260v352c0 26.5-21.5 48-48 48H48c-26.5 0-48-21.5-48-48V112c0-26.5 21.5-48 48-48h48V12c0-6.6 5.4-12 12-12h40c6.6 0 12 5.4 12 12v52h128V12c0-6.6 5.4-12 12-12h40c6.6 0 12 5.4 12 12v52h48c26.5 0 48 21.5 48 48zm-48 346V160H48v298c0 3.3 2.7 6 6 6h340c3.3 0 6-2.7 6-6z"
              />
            </svg>
          </button>
        </div>
      </div>
    </div>
    <div
      className="form-group"
    >
      <div
        calendar={true}
        className="sc-gtsrHT giRYEg tg-date-field rw-date-picker rw-widget"
        data-intent="mouse"
        format="DD MMM YYYY"
        onBlur={[Function]}
        onClick={[Function]}
        onFocus={[Function]}
        onKeyDown={[Function]}
        onKeyPress={[Function]}
        required={true}
        tabIndex={-1}
        time={false}
      >
        <div
          className="rw-widget-picker rw-widget-container"
        >
          <input
            aria-expanded={false}
            aria-haspopup={true}
            aria-owns="rw_4_date"
            autoComplete="off"
            className="rw-widget-input rw-input"
            id="rw_3_input"
            onBlur={[Function]}
            onChange={[Function]}
            placeholder="To"
            role="combobox"
            tabIndex={0}
            type="text"
            value=""
          />
          <button
            aria-label="Select date"
            className="rw-input-addon rw-picker-btn rw-btn"
            onClick={[Function]}
            tabIndex={-1}
            title="Select date"
            type="button"
          >
            <svg
              aria-hidden={true}
              className="rw-i-calendar"
              fill="currentcolor"
              height="1em"
              viewBox="0 0 448 512"
              xmlns="http://www.w3.org/2000/svg"
            >
              <path
                d="M148 288h-40c-6.6 0-12-5.4-12-12v-40c0-6.6 5.4-12 12-12h40c6.6 0 12 5.4 12 12v40c0 6.6-5.4 12-12 12zm108-12v-40c0-6.6-5.4-12-12-12h-40c-6.6 0-12 5.4-12 12v40c0 6.6 5.4 12 12 12h40c6.6 0 12-5.4 12-12zm96 0v-40c0-6.6-5.4-12-12-12h-40c-6.6 0-12 5.4-12 12v40c0 6.6 5.4 12 12 12h40c6.6 0 12-5.4 12-12zm-96 96v-40c0-6.6-5.4-12-12-12h-40c-6.6 0-12 5.4-12 12v40c0 6.6 5.4 12 12 12h40c6.6 0 12-5.4 12-12zm-96 0v-40c0-6.6-5.4-12-12-12h-40c-6.6 0-12 5.4-12 12v40c0 6.6 5.4 12 12 12h40c6.6 0 12-5.4 12-12zm192 0v-40c0-6.6-5.4-12-12-12h-40c-6.6 0-12 5.4-12 12v40c0 6.6 5.4 12 12 12h40c6.6 0 12-5.4 12-12zm96-260v352c0 26.5-21.5 48-48 48H48c-26.5 0-48-21.5-48-48V112c0-26.5 21.5-48 48-48h48V12c0-6.6 5.4-12 12-12h40c6.6 0 12 5.4 12 12v52h128V12c0-6.6 5.4-12 12-12h40c6.6 0 12 5.4 12 12v52h48c26.5 0 48 21.5 48 48zm-48 346V160H48v298c0 3.3 2.7 6 6 6h340c3.3 0 6-2.7 6-6z"
              />
            </svg>
          </button>
        </div>
      </div>
    </div>
  </div>
</form>
`;
