// Jest Snapshot v1, https://goo.gl/fbAQLP

exports[`Auth layout test Snapshot test for Login component 1`] = `
<div
  className="alert alert-danger"
>
  <i
    className="tg-ic-attention  "
  />
   
  
</div>
`;
