// Jest Snapshot v1, https://goo.gl/fbAQLP

exports[`GenericModal layout test GenericModal component snapshot 1`] = `<DocumentFragment />`;
