// Jest Snapshot v1, https://goo.gl/fbAQLP

exports[`Auth layout test Snapshot test for Login component 1`] = `
<div
  className="text-center"
>
  <button
    className="btn btn-default   btn-sm"
    form={null}
    type="button"
  >
    Load More
  </button>
</div>
`;
